C51 COMPILER V9.57.0.0   MAIN                                                              05/12/2025 00:19:00 PAGE 1   


C51 COMPILER V9.57.0.0, COMPILATION OF MODULE MAIN
OBJECT MODULE PLACED IN .\Objects\main.obj
COMPILER INVOKED BY: C:\Keil_v5\C51\BIN\C51.EXE main.c OPTIMIZE(8,SPEED) BROWSE DEBUG OBJECTEXTEND PRINT(.\Listings\main
                    -.lst) TABS(2) OBJECT(.\Objects\main.obj)

line level    source

   1          // main.c
   2          
   3          #include "common.h"
   4          #include "osc.h"
   5          #include "io.h"
   6          
   7          #define SEG P1
   8          
   9          sbit TP0=P0^7;
  10          sbit TP1=P0^6;
  11          
  12          sbit TUBE1=P2^0;
  13          sbit TUBE2=P2^1;
  14          sbit TUBE3=P2^2;
  15          sbit TUBE4=P2^3;
  16          sbit TUBE5=P2^4;
  17          sbit TUBE6=P2^5;
  18          
  19          unsigned char TXT_BUF[]="123456";
  20          unsigned char LED_BUF[6]={0xFF,0xFF,0xFF,0xFF,0xFF,0xFF};
  21          // character table      "0"  "1"  "2"  "3"  "4"  "5"  "6"  "7"  "8"  "9"
  22          unsigned char CHAR[10]={0xC0,0xF9,0xA4,0xB0,0x99,0x92,0x82,0xF8,0x80,0x90};
  23          
  24          void led_display_long_int(long int value)
  25          {
  26   1        int i;
  27   1        sprintf(TXT_BUF, "%06ld", value);// long int value --> string
  28   1        for(i=0;i<6;i++){
  29   2            LED_BUF[5-i]=CHAR[TXT_BUF[i]-'0'];
  30   2        }
  31   1      }
  32          
  33          void tube_off(void)
  34          {
  35   1        TUBE1=0;
  36   1        TUBE2=0;
  37   1        TUBE3=0;
  38   1        TUBE4=0;
  39   1        TUBE5=0;
  40   1        TUBE6=0;
  41   1      }
  42          
  43          void seg_off(void)
  44          {
  45   1        SEG=0xFF;
  46   1      } 
  47          
  48          
  49          /* main entrance */
  50          int main()
  51          {
  52   1        unsigned int i;
  53   1        Osc_Init_Parameter_t Osc_Init_Parameter;
  54   1        
C51 COMPILER V9.57.0.0   MAIN                                                              05/12/2025 00:19:00 PAGE 2   

  55   1        EA=0; // global interrupt off
  56   1        WDTCN=0xDE;
  57   1        WDTCN=0xAD; // Watch Dog Timer off
  58   1        
  59   1        // Config the OSC:
  60   1        Osc_Init_Parameter.Source_Select=EXTERNAL_OSC;
  61   1        Osc_Init_Parameter.External_Mode=CRYSTAL;
  62   1        Osc_Init_Parameter.Frequency=24000000;
  63   1        Osc_Init(&Osc_Init_Parameter);
  64   1        Loop_Delay(100);
  65   1        
  66   1        io_config();
  67   1        io_init();
  68   1      
  69   1        TMOD=0x02;// 0000 0010, Timer0: 8bit auto-reload
  70   1        TL0=(256-200);
  71   1        TH0=(256-200);
  72   1        
  73   1        ET0=1;
  74   1        EA=1;
  75   1      
  76   1        TR0=1; // start Timer0
  77   1        
  78   1        for(i=0;i<=100000;i++){
  79   2          led_display_long_int(i);
  80   2          Loop_Delay(100);
  81   2        }
  82   1        
  83   1        while(1);
  84   1        return 0;
  85   1      }// end of main()
  86          
  87          // t0 isr, scanning the LEDs
  88          void t0_isr(void) interrupt 1 //100us
  89          {
  90   1        static unsigned char cnt=0;
  91   1        static unsigned char sta=1;
  92   1        
  93   1        if(cnt==10)
  94   1        {
  95   2          cnt=0;
  96   2          tube_off();
  97   2          seg_off();
  98   2          switch(sta)
  99   2          {
 100   3            case 1:
 101   3              TUBE1=1;
 102   3              SEG=LED_BUF[sta-1];
 103   3              sta=2;
 104   3              break;
 105   3            case 2:
 106   3              TUBE2=1;
 107   3              SEG=LED_BUF[sta-1];
 108   3              sta=3;
 109   3              break;
 110   3            case 3:
 111   3              TUBE3=1;
 112   3              SEG=LED_BUF[sta-1];
 113   3              sta=4;
 114   3              break;
 115   3            case 4:
 116   3              TUBE4=1;
C51 COMPILER V9.57.0.0   MAIN                                                              05/12/2025 00:19:00 PAGE 3   

 117   3              SEG=LED_BUF[sta-1];
 118   3              sta=5;
 119   3              break;
 120   3            case 5:
 121   3              TUBE5=1;
 122   3              SEG=LED_BUF[sta-1];
 123   3              sta=6;
 124   3              break;
 125   3            case 6:
 126   3              TUBE6=1;
 127   3              SEG=LED_BUF[sta-1];
 128   3              sta=1;
 129   3              break;
 130   3            default:
 131   3              break;
 132   3          }
 133   2        }
 134   1        
 135   1        cnt++;
 136   1      }
*** WARNING C294 IN LINE 84 OF main.c: unreachable code


MODULE INFORMATION:   STATIC OVERLAYABLE
   CODE SIZE        =    336    ----
   CONSTANT SIZE    =      6    ----
   XDATA SIZE       =   ----    ----
   PDATA SIZE       =   ----    ----
   DATA SIZE        =     25       8
   IDATA SIZE       =   ----    ----
   BIT SIZE         =   ----    ----
END OF MODULE INFORMATION.


C51 COMPILATION COMPLETE.  1 WARNING(S),  0 ERROR(S)
